---
source: crates/converter/tests/snapshots.rs
assertion_line: 254
expression: report
---
{
  "archive_timings": {
    "skyrim - meshes.bsa": {
      "cache_link_seconds": "[seconds]",
      "cache_restore_seconds": "[seconds]",
      "checkpoint_sync_calls": 1,
      "checkpoint_sync_worker_seconds": "[seconds]",
      "extraction_seconds": "[seconds]",
      "payload_bytes_written": 721,
      "payload_reuses": 0,
      "payload_writes": 1,
      "physical_copy_bytes_written": 0,
      "physical_copy_writes": 0,
      "selected_bytes": 721,
      "selected_files": 1,
      "source_hash_seconds": "[seconds]",
      "sync_calls": 0,
      "sync_seconds": "[seconds]",
      "sync_worker_seconds": "[seconds]",
      "unique_payloads": 1
    },
    "skyrim - misc.bsa": {
      "cache_link_seconds": "[seconds]",
      "cache_restore_seconds": "[seconds]",
      "checkpoint_sync_calls": 1,
      "checkpoint_sync_worker_seconds": "[seconds]",
      "extraction_seconds": "[seconds]",
      "payload_bytes_written": 265,
      "payload_reuses": 0,
      "payload_writes": 2,
      "physical_copy_bytes_written": 0,
      "physical_copy_writes": 0,
      "selected_bytes": 265,
      "selected_files": 2,
      "source_hash_seconds": "[seconds]",
      "sync_calls": 0,
      "sync_seconds": "[seconds]",
      "sync_worker_seconds": "[seconds]",
      "unique_payloads": 2
    },
    "skyrim - textures.ba2": {
      "cache_link_seconds": "[seconds]",
      "cache_restore_seconds": "[seconds]",
      "checkpoint_sync_calls": 1,
      "checkpoint_sync_worker_seconds": "[seconds]",
      "extraction_seconds": "[seconds]",
      "payload_bytes_written": 21316,
      "payload_reuses": 0,
      "payload_writes": 5,
      "physical_copy_bytes_written": 0,
      "physical_copy_writes": 0,
      "selected_bytes": 21316,
      "selected_files": 5,
      "source_hash_seconds": "[seconds]",
      "sync_calls": 0,
      "sync_seconds": "[seconds]",
      "sync_worker_seconds": "[seconds]",
      "unique_payloads": 5
    }
  },
  "artifacts": [
    "cell_cache.rkyv",
    "conversion-manifest.json",
    "integration-report.json",
    "lod-manifest.json",
    "lod/00000001/16/cell_0_0.glb",
    "lod/00000001/4/cell_0_0.glb",
    "lod/00000001/4/cell_0_1.glb",
    "lod/00000001/4/cell_1_0.glb",
    "lod/00000001/4/cell_1_1.glb",
    "lod/00000001/8/cell_0_0.glb",
    "meshes/generated.glb",
    "record-reader.json",
    "scripts/generated.luau",
    "scripts/papyrus_runtime.luau",
    "scripts/second.luau",
    "skyrim_world.db",
    "textures/generated_color.ktx2",
    "textures/generated_color.opensky-srgb.opensky-wrap0.ktx2",
    "textures/generated_color_x8.ktx2",
    "textures/generated_cube.ktx2",
    "textures/generated_normal.ktx2",
    "textures/generated_normal.opensky-wrap0.ktx2",
    "textures/generated_volume.ktx2"
  ],
  "cache_hits": 0,
  "complete": true,
  "converted": 16,
  "database_cache_files": 0,
  "database_cache_hit": false,
  "database_cache_key": "[database_cache_key]",
  "database_runtime_records_built": 34,
  "elapsed_ms": "[elapsed_ms]",
  "inputs_by_kind": {
    "dds": 5,
    "nif": 1,
    "pex": 2
  },
  "integration": {
    "bounds_updated": 1,
    "cache_cells": 9,
    "exterior_cells": 9,
    "invalid_model_count": 0,
    "issues": [],
    "missing_model_count": 0,
    "missing_texture_count": 0,
    "passed": true,
    "references_total": 9,
    "schema_version": 9,
    "statics_total": 1,
    "statics_with_models": 1,
    "terrain_cells": 9,
    "texture_sets_with_diffuse": 1,
    "unavailable_model_source_count": 0,
    "unavailable_texture_source_count": 0,
    "unbounded_model_count": 0,
    "waters_with_flow_normal": 0
  },
  "lod_cache_hits": 0,
  "lod_chunks": 6,
  "lod_cpu_fallback_chunks": 0,
  "lod_elapsed_ms": "[lod_elapsed_ms]",
  "lod_gpu_chunks": 0,
  "lod_warnings": [],
  "notices": [
    "Terrain LOD GeneratedWorld: 0 reused, 6 rebuilt, 6 total chunks"
  ],
  "phase_elapsed_ms": {
    "archive_ingestion_and_loose_overlay": "[elapsed_ms]",
    "artifact_validation": "[elapsed_ms]",
    "asset_discovery_and_setup": "[elapsed_ms]",
    "conversion_initialization": "[elapsed_ms]",
    "database_artifacts_and_release": "[elapsed_ms]",
    "database_asset_integration": "[elapsed_ms]",
    "database_cache_identity": "[elapsed_ms]",
    "database_cache_input_recheck": "[elapsed_ms]",
    "database_cache_lookup": "[elapsed_ms]",
    "database_cache_persistence": "[elapsed_ms]",
    "database_conversion": "[elapsed_ms]",
    "database_validation": "[elapsed_ms]",
    "ingestion_cache_persistence": "[elapsed_ms]",
    "ingestion_cache_pruning": "[elapsed_ms]",
    "input_discovery_and_plugin_hashes": "[elapsed_ms]",
    "manifest_serialization": "[elapsed_ms]",
    "meshes_and_texture_semantics": "[elapsed_ms]",
    "published_manifest_reload": "[elapsed_ms]",
    "run_setup": "[elapsed_ms]",
    "runtime_publication": "[elapsed_ms]",
    "runtime_support": "[elapsed_ms]",
    "scripts": "[elapsed_ms]",
    "staging_cleanup": "[elapsed_ms]",
    "terrain_caches": "[elapsed_ms]",
    "textures_aliases_and_reference_repair": "[elapsed_ms]"
  },
  "pruned_texture_references": 0,
  "publication_elapsed_ms": "[publication_elapsed_ms]",
  "publication_phase_elapsed_ms": {
    "backup_setup": "[elapsed_ms]",
    "destination_lock_validation": "[elapsed_ms]",
    "destination_policy_validation": "[elapsed_ms]",
    "ownership_recovery": "[elapsed_ms]",
    "pack_swap": "[elapsed_ms]",
    "runtime_pack_linking": "[elapsed_ms]",
    "runtime_pack_preparation": "[elapsed_ms]"
  },
  "skipped": 0,
  "warnings": []
}
